[backblue.gif]
[fade.gif]
[index.html]
[javascript/rad3cac8.js]
[javascript/cookiecac8.js]
[WebResource712a.js]
[javascript/utilitycac8.js]
[ScriptResource6088.js]
[ScriptResource0a64.js]
[ScriptResourceb436.axd]
[ScriptResourced925.axd]
[ScriptResourcee818.axd]
[javascript/error_handling.js]
[stats/reach/defaultdb38.html]
[javascript/highcharts.src.js]
[javascript/reachJS.js]
[stats/reach/default5d0a.html]
[images/base_struct_images/top_nav/icon_avatar_placeholder.gif]
[images/reachstats/grades/med/BA18BEFE-483D-4326-B3C6-FDBB0EDD5DCB.png]
[Stats/Reach/Defaultbdc1.html]
[images/reachstats/campaign_progress/legendary.png]
[images/reachstats/arena_div/0.png]
[Stats/Reach/Default0fe9.html]
[ScriptResourcea4fb.axd]
[stats/reach/playermodelc547.png]
[stats/reach/playermodela76f.png]
[images/reachStatsNew/bg_piegraphlarge.png]
[images/reachstats/commendations/onyx/onyx_small_cqc_multiplayer.png]
[images/reachstats/commendations/onyx/onyx_small_technician_multiplayer.png]
[images/reachstats/commendations/onyx/onyx_small_specialistkill_firefight.png]
[images/reachstats/maps/sm/mp_spire.png]
[images/reachStats/gametypes/small/9.png]
[images/reachstats/maps/sm/mp_boneyard.png]
[images/reachStats/gametypes/small/10.png]
[images/reachstats/maps/sm/mp_forgeworld.png]
[images/reachStats/gametypes/small/1.png]
[images/reachstats/maps/sm/mp_countdown.png]
[images/reachstats/maps/sm/mp_boardwalk.png]
[images/reachstats/maps/sm/mp_zealot.png]
[images/reachstats/maps/sm/mp_reflection.png]
[images/reachstats/maps/sm/mp_powerhouse.png]
[images/reachstats/maps/sm/mp_swordbase.png]
[images/reachStats/gametypes/small/7.png]
[images/reachstats/fileshareIcons/films/mp_powerhouse.png]
[images/reachstats/fileshareIcons/films/mp_swordbase.png]
[images/reachstats/fileshareIcons/films/mp_countdown.png]
[images/reachstats/fileshareIcons/films/mp_spire.png]
[images/reachstats/fileshareIcons/films/mp_forgeworld.png]
[images/reachstats/fileshareIcons/films/ff_unearthed.png]
[images/reachstats/weapons/dmr.png]
[images/reachstats/medals/sm/perfection.png]
[images/reachstats/medals/sm/triplekill.png]
[images/reachstats/medals/sm/doublekill.png]
[images/reachstats/medals/sm/running-riot.png]
[images/reachstats/medals/sm/killing-frenzy.png]
[images/reachstats/weapons/airstrike.png]
[images/reachstats/medals/sm/killionaire.png]
[Stats/Reach/Defaultd60c.html]
[images/reachstats/medals/sm/killpocalypse.png]
[images/reachstats/medals/sm/killtastrophe.png]
[images/reachstats/medals/sm/untouchable.png]
[images/reachstats/medals/sm/rampage.png]
[Stats/Reach/Defaulte10d.html]
[images/reachstats/medals/sm/unfrigginbelievable.png]
[images/reachstats/medals/sm/inconceivable.png]
[images/reachstats/weapons/sniper.png]
[images/reachstats/medals/sm/hero.png]
[Stats/Reach/Defaulta724.html]
[images/reachstats/weapons/melee.png]
[images/reachstats/medals/sm/killtacular.png]
[images/reachstats/medals/sm/overkill.png]
[images/reachstats/medals/sm/wheelmanspree.png]
[Stats/Reach/Default4100.html]
[images/misc/ESRB_M_HaloReach.gif]
[javascript/firefox_submit_fix.js]
[Stats/Reach/Defaultd60d.html]
[images/reachStats/blank.gif]
[images/reachStats/fileshareIcons/renderfilm_overlay.png]
[images/reachstats/grades/med/21387978-F833-4B54-B71A-FB628D741425.png]
[base_css/basecac8.css]
[images/reachstats/campaign_progress/normal.png]
[base_css/imagescac8.css]
[base_css/rad_bungiecac8.css]
[base_css/contentcac8.css]
[base_css/sprites/nav-icons.css]
[stats/reach/playermodelc690.png]
[stats/reach/playermodel026b.png]
[base_css/new_reachStats.css]
[images/reachstats/commendations/onyx/onyx_small_ordnance_firefight.png]
[images/reachstats/commendations/onyx/onyx_small_ordnance_campaign.png]
[App_Themes/Main_Default/Main_Default.css]
[base_css/page_css/reachServiceRecord.css]
[WebResource712a.js]
[ScriptResource6088.js]
[images/reachstats/fileshareIcons/films/mp_boardwalk.png]
[Stats/Reach/reach_27346388_Thumbnail422f.jpg]
[Stats/Reach/reach_27346388_Full9290.jpg]
[Stats/Reach/reach_27346386_Thumbnail22e6.jpg]
[Stats/Reach/reach_27346386_Full5186.jpg]
[Stats/Reach/reach_25091237_Thumbnail4e5e.jpg]
[Stats/Reach/reach_25091237_Fullfbb6.jpg]
[Stats/Reach/reach_27346393_Thumbnailc008.jpg]
[Stats/Reach/Screenshot5516.jpg]
[images/reachstats/medals/sm/pummel.png]
[images/reachstats/medals/sm/beatdown.png]
[images/reachstats/medals/sm/grenadestick.png]
[ScriptResource0a64.js]
[images/reachstats/medals/sm/invincible.png]
[images/reachstats/weapons/hammer.png]
[images/reachstats/weapons/flakcannon.png]
[images/reachstats/medals/sm/killingspree.png]
[stats/reach/online.html]
[images/reachstats/grades/med/BE341DA7-EE2B-40C8-BE8E-129F163B11D2.png]
[images/reachstats/campaign_progress/partial_normal.png]
[Stats/Reach/defaultdb38-2.html]
[stats/reach/careerstats/playlists2219.html]
[stats/reach/playermodel95b6.png]
[stats/reach/playermodel95f4.png]
[images/reachstats/commendations/onyx/onyx_small_headshot_multiplayer.png]
[images/reachStats/gametypes/small/2.png]
[images/reachStats/gametypes/small/15.png]
[images/reachStats/gametypes/small/3.png]
[images/reachStats/gametypes/small/0.png]
[images/reachstats/fileshareIcons/gametype/1.png]
[Stats/Reach/reach_26987582_Thumbnail97d6.jpg]
[Stats/Reach/reach_26987582_Fullf5cf.jpg]
[Stats/Reach/reach_26987583_Thumbnailb7ba.jpg]
[Stats/Reach/reach_26987583_Full429a.jpg]
[images/reachstats/medals/sm/sniperspree.png]
[images/reachstats/weapons/ar.png]
[images/reachstats/grades/med/10.png]
[stats/reach/playermodel9834.png]
[stats/reach/playermodel0bb8.png]
[images/reachstats/commendations/silver/silver_small_cqc_multiplayer.png]
[images/reachstats/commendations/bronze/bronze_small_technician_multiplayer.png]
[images/reachstats/commendations/iron/iron_small_infantrykill_campaign.png]
[images/reachstats/maps/sm/mp_headlong.png]
[images/reachstats/maps/sm/mp_hangemhigh.png]
[images/reachstats/maps/sm/mp_beavercreek.png]
[images/reachstats/fileshareIcons/gametype/37.png]
[Stats/Reach/PlayerGameHistorydb38.html]
[images/reachstats/medals/sm/killjoy.png]
[images/reachstats/medals/sm/killfromthegrave.png]
[images/reachstats/medals/sm/assassination.png]
[images/reachstats/medals/sm/killtrocity.png]
[images/reachstats/medals/sm/shotgunspree.png]
[Stats/Reach/Commendationsdb38.html]
[images/reachstats/medals/sm/hammerspree.png]
[images/reachstats/weapons/shotgun.png]
[images/reachstats/medals/sm/pull.png]
[images/reachstats/medals/sm/revenge.png]
[Stats/Reach/Heatmapsdb38.html]
[images/reachstats/medals/sm/assist.png]
[images/reachstats/weapons/spnkr.png]
[images/reachstats/weapons/plasmagrenade.png]
[Stats/Reach/Achievementsdb38.html]
[Account/profiledb38.html]
[Stats/Reach/CareerStats/defaultdb38.html]
[stats/reach/playermodel8083.png]
[stats/reach/playermodel5541.png]
[images/reachstats/commendations/onyx/onyx_small_multi_kill_campaign.png]
[images/reachstats/maps/sm/mp_tempest.png]
[images/reachstats/fileshareIcons/maps/mp_forgeworld.png]
[images/reachstats/medals/sm/swordspree.png]
[images/reachstats/medals/sm/slice_dice.png]
[images/reachstats/medals/sm/skullamanjaro.png]
[images/reachstats/grades/med/20.png]
[stats/reach/playermodel88c7.png]
[stats/reach/playermodel37d2.png]
[images/reachstats/commendations/gold/gold_small_multi_kill_campaign.png]
[images/reachstats/commendations/gold/gold_small_technician_multiplayer.png]
[images/reachStats/gametypes/small/20.png]
[images/reachstats/medals/sm/extermination.png]
[images/reachstats/weapons/needlerifle.png]
[images/reachstats/medals/sm/reloadthis.png]
[images/reachstats/grades/med/E50B16A8-EAC9-4D98-B012-3B88338C01C3.png]
[stats/reach/playermodel6ab7.png]
[stats/reach/playermodel26bc.png]
[images/reachstats/commendations/gold/gold_small_precision_multiplayer.png]
[images/reachStats/gametypes/small/6.png]
[images/reachstats/maps/sm/mp_timberland.png]
[images/reachstats/medals/sm/stickspree.png]
[images/reachstats/medals/sm/sharpshooter.png]
[images/reachstats/grades/med/3EDB9AC5-31D9-4033-A4EF-0AE1AFCF0A15.png]
[stats/reach/playermodel5656.png]
[stats/reach/playermodel473a.png]
[images/reachstats/commendations/gold/gold_small_cqc_multiplayer.png]
[images/reachstats/commendations/gold/gold_small_multi_kill_firefight.png]
[images/reachStats/gametypes/small/5.png]
[Stats/Reach/reach_25922927_Thumbnail07da.jpg]
[Stats/Reach/reach_25922927_Fulldc9c.jpg]
[images/reachstats/grades/med/18.png]
[stats/reach/playermodelf6c7.png]
[stats/reach/playermodel0020.png]
[images/reachstats/commendations/silver/silver_small_technician_multiplayer.png]
[images/reachstats/commendations/bronze/bronze_small_precision_multiplayer.png]
[images/reachstats/fileshareIcons/gametype/15.png]
[images/reachOnline/createdby_bungie.png]
[images/reachstats/medals/sm/sniperkill.png]
[images/reachstats/weapons/sword.png]
[images/reachstats/medals/sm/zombiekillingspree.png]
[Stats/Reach/CareerStats/playlistsdb38.html]
[Stats/Reach/CareerStats/mapsdb38.html]
[Stats/Reach/CareerStats/medalsdb38.html]
[Stats/Reach/CareerStats/weaponsdb38.html]
[Stats/Reach/CareerStats/enemiesdb38.html]
[Stats/Reach/FileSharedb38.html]
[Stats/Reach/RenderedVideosdb38.html]
[Stats/Reach/FileSetsdb38.html]
[Stats/Reach/Screenshotsdb38.html]
[Stats/Reach/online-2.html]
[stats/reach/commendationsdb38-2.html]
[stats/reach/playergamehistorydb38-2.html]
[stats/reach/gamestatse2da.html]
[stats/reach/gamestats29df.html]
[stats/reach/gamestats962e.html]
[stats/reach/gamestats13a5.html]
[stats/reach/gamestats5128.html]
[stats/reach/gamestatsebea.html]
[stats/reach/gamestatsb56f.html]
[stats/reach/gamestatsaf55.html]
[stats/reach/gamestats2f95.html]
[stats/reach/gamestats9c50.html]
[stats/reach/gamestats838f.html]
[stats/reach/gamestats64c6.html]
[stats/reach/gamestatsfba2.html]
[stats/reach/gamestats6400.html]
[stats/reach/gamestats4a92.html]
[stats/reach/gamestats0c81.html]
[stats/reach/gamestats17a3.html]
[stats/reach/gamestatsaf94.html]
[stats/reach/gamestats5e9d.html]
[stats/reach/gamestats5716.html]
[stats/reach/gamestats5ece.html]
[stats/reach/gamestats5b09.html]
[stats/reach/gamestats5527.html]
[stats/reach/gamestats1fc7.html]
[stats/reach/gamestats9504.html]
[stats/reach/filesharedb38-2.html]
[Stats/Reach/FileDetails5c7d.html]
[Stats/Reach/default0b0c.html]
[Stats/Reach/FileDetailsaffc.html]
[Stats/Reach/FileDetails8031.html]
[Stats/Reach/FileDetails84e3.html]
[Stats/Reach/FileDetailsd205.html]
[Stats/Reach/FileDetailsb705.html]
[stats/reach/filesearch.html]
[plugins/like78d9.html]
[widgets/tweet_button0495.html]
[Stats/Reach/default5d0a-2.html]
[stats/reach/careerstats/playlists7c23.html]
[Stats/Reach/PlayerGameHistory5d0a.html]
[Stats/Reach/Commendations5d0a.html]
[Stats/Reach/Heatmaps5d0a.html]
[Stats/Reach/Achievements5d0a.html]
[Account/profile5d0a.html]
[Stats/Reach/CareerStats/default5d0a.html]
[Stats/Reach/CareerStats/playlists5d0a.html]
[Stats/Reach/CareerStats/maps5d0a.html]
[Stats/Reach/CareerStats/medals5d0a.html]
[Stats/Reach/CareerStats/weapons5d0a.html]
[Stats/Reach/CareerStats/enemies5d0a.html]
[Stats/Reach/FileShare5d0a.html]
[Stats/Reach/RenderedVideos5d0a.html]
[Stats/Reach/FileSets5d0a.html]
[Stats/Reach/Screenshots5d0a.html]
[stats/reach/commendations5d0a-2.html]
[stats/reach/playergamehistory5d0a-2.html]
[stats/reach/gamestatscf51.html]
[stats/reach/gamestatsb3d7.html]
[stats/reach/gamestatsd22f.html]
[stats/reach/gamestats196c.html]
[stats/reach/gamestatsc459.html]
[stats/reach/gamestatscae8.html]
[stats/reach/gamestats2056.html]
[stats/reach/gamestatsc869.html]
[stats/reach/gamestatscdcd.html]
[stats/reach/gamestats9f06.html]
[stats/reach/gamestats5739.html]
[stats/reach/gamestatsa9c5.html]
[stats/reach/gamestats5091.html]
[stats/reach/gamestatscfbb.html]
[stats/reach/gamestatsbd04.html]
[stats/reach/gamestats8a26.html]
[stats/reach/gamestatsdd55.html]
[stats/reach/gamestats2f24.html]
[stats/reach/gamestats5602.html]
[stats/reach/gamestats616d.html]
[stats/reach/gamestats05f4.html]
[stats/reach/gamestatseeef.html]
[stats/reach/gamestats762e.html]
[stats/reach/gamestats9d17.html]
[stats/reach/gamestats19d2.html]
[stats/reach/fileshare5d0a-2.html]
[Stats/Reach/FileDetails537d.html]
[Stats/Reach/default84ea.html]
[Stats/Reach/FileDetailscd99.html]
[Stats/Reach/FileDetailsed59.html]
[Stats/Reach/FileDetails05d0.html]
[Stats/Reach/FileDetailsca4f.html]
[Stats/Reach/FileDetails5c50.html]
[Stats/Reach/default930b.html]
[stats/reach/careerstats/playlistsf303.html]
[Stats/Reach/PlayerGameHistory930b.html]
[Stats/Reach/Commendations930b.html]
[Stats/Reach/Heatmaps930b.html]
[Stats/Reach/Achievements930b.html]
[Account/profile930b.html]
[Stats/Reach/CareerStats/default930b.html]
[Stats/Reach/CareerStats/playlists930b.html]
[Stats/Reach/CareerStats/maps930b.html]
[Stats/Reach/CareerStats/medals930b.html]
[Stats/Reach/CareerStats/weapons930b.html]
[Stats/Reach/CareerStats/enemies930b.html]
[Stats/Reach/FileShare930b.html]
[Stats/Reach/RenderedVideos930b.html]
[Stats/Reach/FileSets930b.html]
[Stats/Reach/Screenshots930b.html]
[stats/reach/commendations930b-2.html]
[stats/reach/playergamehistory930b-2.html]
[stats/reach/gamestats56ec.html]
[stats/reach/gamestatsa923.html]
[stats/reach/gamestats337d.html]
[stats/reach/gamestatse2e8.html]
[stats/reach/gamestats8de6.html]
[stats/reach/gamestats2a1b.html]
[stats/reach/gamestatsada2.html]
[stats/reach/gamestatsb5ff.html]
[stats/reach/gamestatsc4b9.html]
[stats/reach/gamestatsd416.html]
[stats/reach/gamestatsa76c.html]
[stats/reach/gamestats2206.html]
[stats/reach/gamestats4f4b.html]
[stats/reach/gamestatsd9be.html]
[stats/reach/gamestatsa7af.html]
[stats/reach/gamestats51d3.html]
[stats/reach/gamestatse962.html]
[stats/reach/gamestatsf69c.html]
[stats/reach/gamestatsc7ea.html]
[stats/reach/gamestats2d15.html]
[stats/reach/gamestats955a.html]
[stats/reach/gamestatsd55b.html]
[stats/reach/gamestatsf6dd.html]
[stats/reach/gamestatsb22e.html]
[stats/reach/gamestats3f71.html]
[stats/reach/fileshare930b-2.html]
[Stats/Reach/FileDetails4f6a.html]
[Stats/Reach/defaultd745.html]
[Stats/Reach/FileDetails09a2.html]
[Stats/Reach/FileDetailsd96e.html]
[Stats/Reach/FileDetailsc7f3.html]
[Stats/Reach/FileDetails5c42.html]
[Stats/Reach/FileDetails2e19.html]
[plugins/like41b2.html]
[widgets/tweet_button78bb.html]
[Stats/Reach/default175e.html]
[Stats/Reach/default8f9f.html]
[Stats/Reach/defaultf333.html]
[Stats/Reach/defaultbd18.html]
[stats/reach/careerstats/playlistsfd3b.html]
[Stats/Reach/PlayerGameHistorybd18.html]
[Stats/Reach/Commendationsbd18.html]
[Stats/Reach/Heatmapsbd18.html]
[Stats/Reach/Achievementsbd18.html]
[Account/profilebd18.html]
[Stats/Reach/CareerStats/defaultbd18.html]
[Stats/Reach/CareerStats/playlistsbd18.html]
[Stats/Reach/CareerStats/mapsbd18.html]
[Stats/Reach/CareerStats/medalsbd18.html]
[Stats/Reach/CareerStats/weaponsbd18.html]
[Stats/Reach/CareerStats/enemiesbd18.html]
[Stats/Reach/FileSharebd18.html]
[Stats/Reach/RenderedVideosbd18.html]
[Stats/Reach/FileSetsbd18.html]
[Stats/Reach/Screenshotsbd18.html]
[stats/reach/commendationsbd18-2.html]
[stats/reach/playergamehistorybd18-2.html]
[stats/reach/gamestatseb8f.html]
[stats/reach/gamestats2c94.html]
[stats/reach/gamestatsfe43.html]
[stats/reach/gamestats9659.html]
[stats/reach/gamestats9e25.html]
[stats/reach/gamestatsd04a.html]
[stats/reach/gamestats98ee.html]
[stats/reach/gamestats152b.html]
[stats/reach/gamestats497e.html]
[stats/reach/gamestatsc8ba.html]
[stats/reach/gamestats9011.html]
[stats/reach/gamestats8d55.html]
[stats/reach/gamestats3fa9.html]
[stats/reach/gamestats197e.html]
[stats/reach/gamestats0750.html]
[stats/reach/gamestatsae7e.html]
[stats/reach/gamestats4a96.html]
[stats/reach/gamestatsc1e1.html]
[stats/reach/gamestatsca8d.html]
[stats/reach/gamestats42ea.html]
[stats/reach/gamestats354d.html]
[stats/reach/gamestats3e43.html]
[stats/reach/gamestats55f7.html]
[stats/reach/gamestatsfc41.html]
[stats/reach/gamestatsa437.html]
[stats/reach/filesharebd18-2.html]
[Stats/Reach/FileDetails75a1.html]
[Stats/Reach/default5d08.html]
[Stats/Reach/FileDetails3845.html]
[Stats/Reach/default8879.html]
[Stats/Reach/FileDetails94b8.html]
[Stats/Reach/FileDetailsefbb.html]
[Stats/Reach/FileDetailsa91a.html]
[Stats/Reach/FileDetails3ac2.html]
[Stats/Reach/default5302.html]
[stats/reach/careerstats/playlists98cf.html]
[Stats/Reach/PlayerGameHistory5302.html]
[Stats/Reach/Commendations5302.html]
[Stats/Reach/Heatmaps5302.html]
[Stats/Reach/Achievements5302.html]
[Account/profile5302.html]
[Stats/Reach/CareerStats/default5302.html]
[Stats/Reach/CareerStats/playlists5302.html]
[Stats/Reach/CareerStats/maps5302.html]
[Stats/Reach/CareerStats/medals5302.html]
[Stats/Reach/CareerStats/weapons5302.html]
[Stats/Reach/CareerStats/enemies5302.html]
[Stats/Reach/FileShare5302.html]
[Stats/Reach/RenderedVideos5302.html]
[Stats/Reach/FileSets5302.html]
[Stats/Reach/Screenshots5302.html]
[stats/reach/commendations5302-2.html]
[stats/reach/playergamehistory5302-2.html]
[stats/reach/gamestats56fd.html]
[stats/reach/gamestats2cf4.html]
[stats/reach/gamestats3794.html]
[stats/reach/gamestatsdaf3.html]
[stats/reach/gamestatsd851.html]
[stats/reach/gamestats395a.html]
[stats/reach/gamestats3b42.html]
[stats/reach/gamestats0219.html]
[stats/reach/gamestatsb1a4.html]
[stats/reach/gamestats5af8.html]
[stats/reach/gamestats303f.html]
[stats/reach/gamestatseb18.html]
[stats/reach/gamestats81a7.html]
[stats/reach/gamestatsafd3.html]
[stats/reach/gamestats4519.html]
[stats/reach/gamestatsb8b8.html]
[stats/reach/gamestats44f4.html]
[stats/reach/gamestats201e.html]
[stats/reach/gamestatsb4c6.html]
[stats/reach/gamestatsa00a.html]
[stats/reach/gamestatsbed2.html]
[stats/reach/gamestatsdb23.html]
[stats/reach/gamestats03d7.html]
[stats/reach/gamestats2913.html]
[stats/reach/gamestats2e75.html]
[stats/reach/fileshare5302-2.html]
[Stats/Reach/FileDetailsb2bd.html]
[Stats/Reach/defaultb6d9.html]
[Stats/Reach/defaultd547.html]
[stats/reach/careerstats/playlistsd131.html]
[Stats/Reach/PlayerGameHistoryd547.html]
[Stats/Reach/Commendationsd547.html]
[Stats/Reach/Heatmapsd547.html]
[Stats/Reach/Achievementsd547.html]
[Account/profiled547.html]
[Stats/Reach/CareerStats/defaultd547.html]
[Stats/Reach/CareerStats/playlistsd547.html]
[Stats/Reach/CareerStats/mapsd547.html]
[Stats/Reach/CareerStats/medalsd547.html]
[Stats/Reach/CareerStats/weaponsd547.html]
[Stats/Reach/CareerStats/enemiesd547.html]
[Stats/Reach/FileShared547.html]
[Stats/Reach/RenderedVideosd547.html]
[Stats/Reach/FileSetsd547.html]
[Stats/Reach/Screenshotsd547.html]
[stats/reach/commendationsd547-2.html]
[stats/reach/playergamehistoryd547-2.html]
[stats/reach/gamestatsa883.html]
[stats/reach/gamestats3dc9.html]
[stats/reach/gamestats4ea5.html]
[stats/reach/gamestats2b0a.html]
[stats/reach/gamestats796f.html]
[stats/reach/gamestatsf4b5.html]
[stats/reach/gamestats4653.html]
[stats/reach/gamestatsf240.html]
[stats/reach/gamestats65f6.html]
[stats/reach/gamestatsaccd.html]
[stats/reach/gamestats20c6.html]
[stats/reach/gamestats11d3.html]
[stats/reach/gamestats5c98.html]
[stats/reach/gamestats08fa.html]
[stats/reach/gamestats7405.html]
[stats/reach/gamestatsb704.html]
[stats/reach/gamestatsc797.html]
[stats/reach/gamestatsa89c.html]
[stats/reach/gamestats8c4a.html]
[stats/reach/gamestatse6ed.html]
[stats/reach/gamestats7ceb.html]
[stats/reach/gamestatse98b.html]
[stats/reach/gamestats02f8.html]
[stats/reach/gamestats3db1.html]
[stats/reach/gamestats54d9.html]
[stats/reach/fileshared547-2.html]
[Stats/Reach/FileDetails8cdd.html]
[plugins/like4bce.html]
[widgets/tweet_button29d8.html]
[Stats/Reach/defaultb170.html]
[stats/reach/careerstats/playlistsbf6d.html]
[Stats/Reach/PlayerGameHistoryb170.html]
[Stats/Reach/Commendationsb170.html]
[Stats/Reach/Heatmapsb170.html]
[Stats/Reach/Achievementsb170.html]
[Account/profileb170.html]
[Stats/Reach/CareerStats/defaultb170.html]
[Stats/Reach/CareerStats/playlistsb170.html]
[Stats/Reach/CareerStats/mapsb170.html]
[Stats/Reach/CareerStats/medalsb170.html]
[Stats/Reach/CareerStats/weaponsb170.html]
[Stats/Reach/CareerStats/enemiesb170.html]
[Stats/Reach/FileShareb170.html]
[Stats/Reach/RenderedVideosb170.html]
[Stats/Reach/FileSetsb170.html]
[Stats/Reach/Screenshotsb170.html]
[stats/reach/commendationsb170-2.html]
[stats/reach/playergamehistoryb170-2.html]
[stats/reach/gamestatsb9bd.html]
[stats/reach/gamestatsa8b8.html]
[stats/reach/gamestats2d29.html]
[stats/reach/gamestatsf652.html]
[stats/reach/gamestats0af8.html]
[stats/reach/gamestats21f1.html]
[stats/reach/gamestats29de.html]
[stats/reach/gamestatsf614.html]
[stats/reach/gamestatsf421.html]
[stats/reach/gamestatsd579.html]
[stats/reach/gamestatsc8c3.html]
[stats/reach/gamestatscdba.html]
[stats/reach/gamestats7080.html]
[stats/reach/gamestatsde2b.html]
[stats/reach/gamestatsd592.html]
[stats/reach/gamestats3e9f.html]
[stats/reach/gamestats8e80.html]
[stats/reach/gamestats95c6.html]
[stats/reach/gamestatsec51.html]
[stats/reach/gamestats19a5.html]
[stats/reach/gamestats25b0.html]
[stats/reach/gamestatsda70.html]
[stats/reach/gamestatsb198.html]
[stats/reach/gamestats3fd6.html]
[stats/reach/gamestats6aaf.html]
[stats/reach/fileshareb170-2.html]
[Stats/Reach/FileDetails34f5.html]
[Stats/Reach/default965f.html]
[Stats/Reach/FileDetails1360.html]
[Stats/Reach/FileDetails50e6.html]
[Stats/Reach/FileDetailse1f2.html]
[Stats/Reach/FileDetailsee6b.html]
[Stats/Reach/FileDetails361b.html]
[plugins/likecf6b.html]
[widgets/tweet_button7fb4.html]
[Stats/Reach/default6be6.html]
[stats/reach/careerstats/playlists24f3.html]
[Stats/Reach/PlayerGameHistory6be6.html]
[Stats/Reach/Commendations6be6.html]
[Stats/Reach/Heatmaps6be6.html]
[Stats/Reach/Achievements6be6.html]
[Account/profile6be6.html]
[Stats/Reach/CareerStats/default6be6.html]
[Stats/Reach/CareerStats/playlists6be6.html]
[Stats/Reach/CareerStats/maps6be6.html]
[Stats/Reach/CareerStats/medals6be6.html]
[Stats/Reach/CareerStats/weapons6be6.html]
[Stats/Reach/CareerStats/enemies6be6.html]
[Stats/Reach/FileShare6be6.html]
[Stats/Reach/RenderedVideos6be6.html]
[Stats/Reach/FileSets6be6.html]
[Stats/Reach/Screenshots6be6.html]
[stats/reach/commendations6be6-2.html]
[stats/reach/playergamehistory6be6-2.html]
[stats/reach/gamestats6f99.html]
[stats/reach/gamestats27a8.html]
[stats/reach/gamestatsdfd0.html]
[stats/reach/gamestats1027.html]
[stats/reach/gamestatsad0e.html]
[stats/reach/gamestatsaa5f.html]
[stats/reach/gamestats20d8.html]
[stats/reach/gamestatsf70b.html]
[stats/reach/gamestatscb0b.html]
[stats/reach/gamestatsb289.html]
[stats/reach/gamestats3f3a.html]
[stats/reach/gamestats376a.html]
[stats/reach/gamestatsf9b2.html]
[stats/reach/gamestatsa50d.html]
[stats/reach/gamestats4181.html]
[stats/reach/gamestats6a82.html]
[stats/reach/gamestats9d4e.html]
[stats/reach/gamestats6a17.html]
[stats/reach/gamestatsc128.html]
[stats/reach/gamestats50a4.html]
[stats/reach/gamestats57e5.html]
[stats/reach/gamestats4c58.html]
[stats/reach/gamestats7abc.html]
[stats/reach/gamestats6f19.html]
[stats/reach/gamestatsa192.html]
[stats/reach/fileshare6be6-2.html]
[Stats/Reach/FileDetailsa220.html]
[Stats/Reach/FileDetails7d4c.html]
[Stats/Reach/defaulte486.html]
[plugins/like2866.html]
[widgets/tweet_buttonc43f.html]
